[www.muhibbahseafood.com/index.html]
[backblue.gif]
[fade.gif]
[index.html]
[www.muhibbahseafood.com/img/favijw.png]
[www.muhibbahseafood.com/img/jwtogelslot.png]
[assets.squarespace.com/@sqs/polyfiller/1.6/legacy.js]
[www.muhibbahseafood.com/amp/index.html]
[use.typekit.net/ik/YBu34tnxV4Qnak-NQdXM8x5qF7OcRbDshoILwz0AU8Jfe7CgfFHN4UJLFRbh52jhWDjuZcb3ZRqtwAmRwR9oFeFR5eZyw2Ia5gGMJ6lzS1gGZWmDOWgkdkJPjAszjc9lZhBkjAuzdcblSY4zH6GJE_tgIMMjgfMfH6GJujXfIMMjgPMfH6GJEdtgIMMjgkMfH6GJEn]
[assets.squarespace.com/universal/styles-compressed/commerce-2af06f7948db5477d8f5-min.en-US.css]
[assets.squarespace.com/@sqs/polyfiller/1.6/modern.js]
[www.muhibbahseafood.com/img/logojw26f7.webp]
[static1.squarespace.com/static/versioned-site-css/65fd0f981ec2594cc8fa0178/1/5c5a519771c10ba3470d8101/65fd0f981ec2594cc8fa0180/1537/site.css]
[www.muhibbahseafood.com/index.html]
[cdn.ampproject.org/v0.js]
[static1.squarespace.com/static/vta/5c5a519771c10ba3470d8101/scripts/site-bundle.6c05f1e49429ba1d8919cf9e9cce7b3f.js]
[cdn.ampproject.org/v0/amp-iframe-0.1.js]
[www.muhibbahseafood.com/img/logojw.webp]
[s12.gifyu.com/images/SrqzE.gif]
[www.muhibbahseafood.com/amp/index.html]
[assets.squarespace.com/universal/images-v6/standard/icon_close_7_light.png]
[assets.squarespace.com/universal/styles-compressed/commerce-2af06f7948db5477d8f5-min.en-US.css]
[assets.squarespace.com/universal/images-v6/damask/error-dark.png]
[assets.squarespace.com/universal/images-v6/damask/error-dark@2x.png]
[assets.squarespace.com/universal/images-v6/damask/play-button.png]
[assets.squarespace.com/universal/images-v6/damask/play-button@2x.png]
[assets.squarespace.com/universal/images-v6/damask/edit-aviary-light.png]
[assets.squarespace.com/universal/images-v6/damask/edit-aviary-light@2x.png]
[assets.squarespace.com/universal/images-v6/damask/edit-info-light.png]
[assets.squarespace.com/universal/images-v6/damask/edit-info-light@2x.png]
[assets.squarespace.com/universal/images-v6/damask/trash-9-light.png]
[assets.squarespace.com/universal/images-v6/damask/trash-9-light@2x.png]
[assets.squarespace.com/universal/images-v6/damask/trash-9-red.png]
[assets.squarespace.com/universal/images-v6/damask/trash-9-red@2x.png]
[assets.squarespace.com/universal/images-v6/damask/getty-16-light.png]
[assets.squarespace.com/universal/images-v6/damask/getty-32-light.png]
[assets.squarespace.com/universal/images-v6/damask/shopping-cart-16-light.png]
[assets.squarespace.com/universal/images-v6/damask/shopping-cart-32-light.png]
[assets.squarespace.com/universal/images-v6/icons/block-indicator-dark.png]
[assets.squarespace.com/universal/images-v6/icons/block-indicator-dark@2x.png]
[assets.squarespace.com/universal/images-v6/icons/opentable-icons.png]
[assets.squarespace.com/universal/images-v6/icons/icon-searchqueries-20-dark.png]
[assets.squarespace.com/universal/images-v6/icons/icon-searchqueries-20-light.png]
[assets.squarespace.com/universal/images-v6/icons/icon-video-24-light-solid.png]
[assets.squarespace.com/universal/images-v6/icons/icon-settings-16-light.png]
[static1.squarespace.com/static/versioned-site-css/65fd0f981ec2594cc8fa0178/1/5c5a519771c10ba3470d8101/65fd0f981ec2594cc8fa0180/1537/site.css]
[s12.gifyu.com/images/SrqzE.gif]
